// Jest Snapshot v1, https://goo.gl/fbAQLP

exports[`RoomTemplate Component matches snapshot 1`] = `
<DocumentFragment>
  <div>
    <div
      class="d-flex justify-content-between align-items-center mb-3"
    >
      <h2>
        Room: Test Room
      </h2>
      <div>
        <span>
          Welcome, 
          <strong>
            Test User
          </strong>
        </span>
        <span
          class="badge bg-info text-dark ms-2"
        >
          Jugador
        </span>
      </div>
    </div>
    <button
      class="btn btn-outline-primary mb-4"
      type="button"
    >
      ðŸ“‹ Copy Room Link
    </button>
    <div
      class="row"
    >
      <div
        class="col-md-4"
      >
        <div
          data-testid="participants"
        >
          Participants
        </div>
      </div>
      <div
        class="col-md-8"
      >
        <div
          data-testid="story"
        >
          Story Panel
        </div>
        <div
          data-testid="voting"
        >
          Voting Panel
        </div>
      </div>
    </div>
  </div>
</DocumentFragment>
`;
